// Jest Snapshot v1, https://goo.gl/fbAQLP

exports[`throws the correct message 1`] = `"useRelayEnvironment: Expected to have found a Relay environment provided by a \`RelayEnvironmentProvider\` component or \`QueryRenderer\`. This usually means that \`useRelayEnvironment\` was used in a component that is not a descendant of these components. Please make sure a \`RelayEnvironmentProvider\` has been rendered somewhere as a parent of your component. It should be defined only once in the whole application."`;
