---
source: server/src/clap.rs
assertion_line: 79
expression: generate_clap_app().render_long_help().to_string()
---
Usage: server [OPTIONS] [COMMAND]

Commands:
  generate-cli-completions  
  help                      Print this message or the help of the given subcommand(s)

Options:
      --no-migrations
          Skips database migrations

      --arangodb-url <arangodb-url>
          [default: http://127.0.0.1:8529/]

      --arangodb-database <arangodb-database>
          [default: abacus]

      --arangodb-username <arangodb-username>
          [default: abacus]

      --arangodb-password <arangodb-password>
          [default: ]

      --stripe-restricted-api-key <stripe-restricted-api-key>
          Restricted Stripe.com API key (prefixed by 'rk_*') to be used when calling Stripe.com APIs. Secret API key should never be used directly in this application. More information: https://stripe.com/docs/keys#limit-access
          
          [env: STRIPE_RESTRICTED_API_KEY=]

      --stripe-webhook-secret <stripe-webhook-secret>
          Stripe generates a unique secret key for each webhooks endpoint. It is being used for verifying the webhook payload signature to make sure that only Stripe.com can send these payloads.
          
          [env: STRIPE_WEBHOOK_SECRET=]

  -h, --help
          Print help (see a summary with '-h')

  -V, --version
          Print version

