---
source: src/clap.rs
assertion_line: 92
expression: "String::from_utf8(output).unwrap()"
---
server 0.0.0
Martin Zl√°mal <mrtnzlml@gmail.com>

USAGE:
    server [OPTIONS] [SUBCOMMAND]

OPTIONS:
        --arangodb-database <arangodb-database>
            [default: abacus]

        --arangodb-password <arangodb-password>
            [default: ]

        --arangodb-url <arangodb-url>
            [default: http://127.0.0.1:8529/]

        --arangodb-username <arangodb-username>
            [default: abacus]

    -h, --help
            Print help information

        --no-migrations
            Skips database migrations

        --stripe-restricted-api-key <stripe-restricted-api-key>
            Restricted Stripe.com API key (prefixed by 'rk_*')

        --stripe-webhook-secret <stripe-webhook-secret>
            Secret key for webhooks verification.

    -V, --version
            Print version information

SUBCOMMANDS:
    generate-cli-completions    
    help                        Print this message or the help of the given subcommand(s)

