// Jest Snapshot v1, https://goo.gl/fbAQLP

exports[`returns all unitless properties 1`] = `
{
  "animationIterationCount": true,
  "borderImageOutset": true,
  "borderImageSlice": true,
  "borderImageWidth": true,
  "boxFlex": true,
  "boxFlexGroup": true,
  "boxOrdinalGroup": true,
  "columnCount": true,
  "columns": true,
  "fillOpacity": true,
  "flex": true,
  "flexGrow": true,
  "flexNegative": true,
  "flexOrder": true,
  "flexPositive": true,
  "flexShrink": true,
  "floodOpacity": true,
  "fontWeight": true,
  "gridArea": true,
  "gridColumn": true,
  "gridColumnEnd": true,
  "gridColumnSpan": true,
  "gridColumnStart": true,
  "gridRow": true,
  "gridRowEnd": true,
  "gridRowSpan": true,
  "gridRowStart": true,
  "lineClamp": true,
  "lineHeight": true,
  "opacity": true,
  "order": true,
  "orphans": true,
  "stopOpacity": true,
  "strokeDasharray": true,
  "strokeDashoffset": true,
  "strokeMiterlimit": true,
  "strokeOpacity": true,
  "strokeWidth": true,
  "tabSize": true,
  "webkitAnimationIterationCount": true,
  "webkitBorderImageOutset": true,
  "webkitBorderImageSlice": true,
  "webkitBorderImageWidth": true,
  "webkitBoxFlex": true,
  "webkitBoxFlexGroup": true,
  "webkitBoxOrdinalGroup": true,
  "webkitColumnCount": true,
  "webkitColumns": true,
  "webkitFillOpacity": true,
  "webkitFlex": true,
  "webkitFlexGrow": true,
  "webkitFlexNegative": true,
  "webkitFlexOrder": true,
  "webkitFlexPositive": true,
  "webkitFlexShrink": true,
  "webkitFloodOpacity": true,
  "webkitFontWeight": true,
  "webkitGridArea": true,
  "webkitGridColumn": true,
  "webkitGridColumnEnd": true,
  "webkitGridColumnSpan": true,
  "webkitGridColumnStart": true,
  "webkitGridRow": true,
  "webkitGridRowEnd": true,
  "webkitGridRowSpan": true,
  "webkitGridRowStart": true,
  "webkitLineClamp": true,
  "webkitLineHeight": true,
  "webkitOpacity": true,
  "webkitOrder": true,
  "webkitOrphans": true,
  "webkitStopOpacity": true,
  "webkitStrokeDasharray": true,
  "webkitStrokeDashoffset": true,
  "webkitStrokeMiterlimit": true,
  "webkitStrokeOpacity": true,
  "webkitStrokeWidth": true,
  "webkitTabSize": true,
  "webkitWidows": true,
  "webkitZIndex": true,
  "webkitZoom": true,
  "widows": true,
  "zIndex": true,
  "zoom": true,
}
`;
