---
source: auth/src/lib.rs
expression: verify_id_token_integrity(id_token)
---
Ok(
    TokenData {
        header: Header {
            typ: Some(
                "JWT",
            ),
            alg: RS256,
            cty: None,
            jku: None,
            kid: Some(
                "e197bf2e87bd1905575f9b6e5eb426eda5d574e3",
            ),
            x5u: None,
            x5t: None,
        },
        claims: Claims {
            iss: "https://accounts.google.com",
            sub: "108269453578187886435",
            azp: "245356693889-h3aj8e88fsnqch8gdcfh8isf8hruic7n.apps.googleusercontent.com",
            aud: "245356693889-h3aj8e88fsnqch8gdcfh8isf8hruic7n.apps.googleusercontent.com",
            iat: 1608072943,
            exp: 1608076543,
            email: Some(
                "mrtnzlml@gmail.com",
            ),
            email_verified: Some(
                true,
            ),
            name: Some(
                "Martin Zlámal",
            ),
            picture: Some(
                "https://lh3.googleusercontent.com/a-/AOh14Gg_ZmWYHHMei_AQdckVaPqLikBkNYJONyyR0QqWfWs=s96-c",
            ),
            given_name: Some(
                "Martin",
            ),
            family_name: Some(
                "Zlámal",
            ),
            locale: Some(
                "en",
            ),
        },
    },
)
