// Jest Snapshot v1, https://goo.gl/fbAQLP

exports[`rules snapshot: all stable rules 1`] = `
Object {
  "globals": Object {
    "FormData": "readonly",
    "__DEV__": "readonly",
    "global": "readonly",
    "globalThis": "readonly",
  },
  "overrides": Array [
    Object {
      "files": Array [
        "**/__generated__/*.graphql.js",
      ],
      "rules": Object {
        "eslint-comments/no-unlimited-disable": 0,
      },
    },
  ],
  "plugins": Array [
    "eslint-plugin-flowtype",
    "eslint-plugin-jest",
    "eslint-plugin-react",
    "eslint-plugin-react-hooks",
    "eslint-plugin-react-native",
    "eslint-plugin-jsx-a11y",
    "eslint-plugin-relay",
    "eslint-plugin-import",
    "eslint-plugin-monorepo",
    "eslint-plugin-node",
    "eslint-plugin-eslint-comments",
    "eslint-plugin-promise",
    "eslint-plugin-adeira",
    "eslint-plugin-sx",
    "eslint-plugin-prettier",
  ],
  "rules": Object {
    "@typescript-eslint/brace-style": "off",
    "@typescript-eslint/comma-dangle": "off",
    "@typescript-eslint/comma-spacing": "off",
    "@typescript-eslint/func-call-spacing": "off",
    "@typescript-eslint/indent": "off",
    "@typescript-eslint/keyword-spacing": "off",
    "@typescript-eslint/member-delimiter-style": "off",
    "@typescript-eslint/no-extra-parens": "off",
    "@typescript-eslint/no-extra-semi": "off",
    "@typescript-eslint/object-curly-spacing": "off",
    "@typescript-eslint/quotes": 0,
    "@typescript-eslint/semi": "off",
    "@typescript-eslint/space-before-function-paren": "off",
    "@typescript-eslint/space-infix-ops": "off",
    "@typescript-eslint/type-annotation-spacing": "off",
    "accessor-pairs": Array [
      1,
      Object {
        "setWithoutGet": true,
      },
    ],
    "adeira/graphql-require-object-description": 1,
    "adeira/no-duplicate-import-type-import": 2,
    "adeira/no-invalid-flow-annotations": 2,
    "adeira/only-nullable-fields": 2,
    "adeira/relay-import-no-values": 2,
    "adeira/relay-import-type-must-exist": 2,
    "adeira/valid-test-folder": 2,
    "array-bracket-newline": "off",
    "array-bracket-spacing": "off",
    "array-callback-return": 2,
    "array-element-newline": "off",
    "arrow-body-style": 0,
    "arrow-parens": "off",
    "arrow-spacing": "off",
    "babel/object-curly-spacing": "off",
    "babel/quotes": 0,
    "babel/semi": "off",
    "block-scoped-var": 0,
    "block-spacing": "off",
    "brace-style": "off",
    "callback-return": 0,
    "camelcase": Array [
      2,
      Object {
        "ignoreDestructuring": false,
        "properties": "never",
      },
    ],
    "capitalized-comments": 0,
    "class-methods-use-this": 0,
    "comma-dangle": "off",
    "comma-spacing": "off",
    "comma-style": "off",
    "complexity": 0,
    "computed-property-spacing": "off",
    "consistent-return": Array [
      2,
      Object {
        "treatUndefinedAsUnspecified": false,
      },
    ],
    "consistent-this": 0,
    "constructor-super": 2,
    "curly": Array [
      2,
      "all",
    ],
    "default-case": 0,
    "default-case-last": 2,
    "default-param-last": 2,
    "dot-location": "off",
    "dot-notation": 2,
    "eol-last": "off",
    "eqeqeq": Array [
      2,
      "smart",
    ],
    "eslint-comments/disable-enable-pair": 0,
    "eslint-comments/no-aggregating-enable": 0,
    "eslint-comments/no-duplicate-disable": 2,
    "eslint-comments/no-restricted-disable": 0,
    "eslint-comments/no-unlimited-disable": 2,
    "eslint-comments/no-unused-disable": 0,
    "eslint-comments/no-unused-enable": 2,
    "eslint-comments/no-use": 0,
    "eslint-comments/require-description": 0,
    "flowtype/array-style-complex-type": 0,
    "flowtype/array-style-simple-type": 0,
    "flowtype/arrow-parens": 0,
    "flowtype/boolean-style": "off",
    "flowtype/define-flow-type": 1,
    "flowtype/delimiter-dangle": "off",
    "flowtype/generic-spacing": "off",
    "flowtype/newline-after-flow-annotation": Array [
      2,
      "always",
    ],
    "flowtype/no-dupe-keys": 2,
    "flowtype/no-existential-type": 2,
    "flowtype/no-flow-fix-me-comments": 0,
    "flowtype/no-internal-flow-type": 2,
    "flowtype/no-mixed": 0,
    "flowtype/no-mutable-array": 0,
    "flowtype/no-primitive-constructor-types": 1,
    "flowtype/no-types-missing-file-annotation": 2,
    "flowtype/no-unused-expressions": Array [
      2,
      Object {
        "allowTaggedTemplates": true,
      },
    ],
    "flowtype/no-weak-types": Array [
      2,
      Object {
        "Function": true,
        "Object": true,
        "any": false,
      },
    ],
    "flowtype/object-type-curly-spacing": "off",
    "flowtype/object-type-delimiter": "off",
    "flowtype/require-compound-type-alias": 0,
    "flowtype/require-exact-type": Array [
      1,
      "never",
    ],
    "flowtype/require-indexer-name": 0,
    "flowtype/require-inexact-type": 0,
    "flowtype/require-parameter-type": 0,
    "flowtype/require-readonly-react-props": Array [
      2,
      Object {
        "useImplicitExactTypes": true,
      },
    ],
    "flowtype/require-return-type": 0,
    "flowtype/require-types-at-top": 0,
    "flowtype/require-valid-file-annotation": Array [
      2,
      "always",
    ],
    "flowtype/require-variable-type": 0,
    "flowtype/semi": "off",
    "flowtype/sort-keys": 0,
    "flowtype/space-after-type-colon": "off",
    "flowtype/space-before-generic-bracket": "off",
    "flowtype/space-before-type-colon": "off",
    "flowtype/spread-exact-type": 0,
    "flowtype/type-id-match": 0,
    "flowtype/type-import-style": 0,
    "flowtype/union-intersection-spacing": "off",
    "flowtype/use-flow-type": 1,
    "flowtype/use-read-only-spread": 1,
    "flowtype/valid-syntax": 0,
    "for-direction": 2,
    "func-call-spacing": "off",
    "func-name-matching": 0,
    "func-names": 0,
    "func-style": 0,
    "function-call-argument-newline": "off",
    "function-paren-newline": "off",
    "generator-star": "off",
    "generator-star-spacing": "off",
    "getter-return": 2,
    "global-require": 0,
    "grouped-accessor-pairs": 0,
    "guard-for-in": 2,
    "handle-callback-err": 1,
    "id-denylist": 0,
    "id-length": 0,
    "id-match": 0,
    "implicit-arrow-linebreak": "off",
    "import/default": 0,
    "import/dynamic-import-chunkname": 0,
    "import/export": 2,
    "import/exports-last": 0,
    "import/extensions": Array [
      2,
      "never",
      Object {
        "json": "always",
      },
    ],
    "import/first": 2,
    "import/group-exports": 0,
    "import/imports-first": 0,
    "import/max-dependencies": 0,
    "import/named": 0,
    "import/namespace": 0,
    "import/newline-after-import": 2,
    "import/no-absolute-path": 2,
    "import/no-amd": 2,
    "import/no-anonymous-default-export": Array [
      2,
      Object {
        "allowAnonymousClass": false,
        "allowAnonymousFunction": false,
        "allowArray": true,
        "allowArrowFunction": false,
        "allowCallExpression": true,
        "allowLiteral": true,
        "allowObject": true,
      },
    ],
    "import/no-commonjs": 0,
    "import/no-cycle": 1,
    "import/no-default-export": 0,
    "import/no-deprecated": 0,
    "import/no-duplicates": 2,
    "import/no-dynamic-require": 0,
    "import/no-extraneous-dependencies": Array [
      2,
      Object {
        "devDependencies": Array [
          "**/*.test.js",
          "**/*.spec.js",
          "**/*.stories.js",
          "**/webpack.config.js",
          "**/metro.config.js",
        ],
      },
    ],
    "import/no-internal-modules": 0,
    "import/no-mutable-exports": 2,
    "import/no-named-as-default": 0,
    "import/no-named-as-default-member": 0,
    "import/no-named-default": 2,
    "import/no-named-export": 0,
    "import/no-namespace": 0,
    "import/no-nodejs-modules": 0,
    "import/no-relative-parent-imports": 0,
    "import/no-restricted-paths": 0,
    "import/no-self-import": 2,
    "import/no-unassigned-import": 0,
    "import/no-unresolved": Array [
      2,
      Object {
        "ignore": Array [
          "^__generated__/",
        ],
      },
    ],
    "import/no-unused-modules": 0,
    "import/no-useless-path-segments": 2,
    "import/no-webpack-loader-syntax": 2,
    "import/order": Array [
      2,
      Object {
        "groups": Array [
          Array [
            "builtin",
            "external",
          ],
          Array [
            "parent",
            "sibling",
          ],
          "index",
        ],
        "newlines-between": "always",
      },
    ],
    "import/prefer-default-export": 0,
    "import/unambiguous": 0,
    "indent": "off",
    "indent-legacy": "off",
    "init-declarations": 0,
    "jest/consistent-test-it": 0,
    "jest/expect-expect": 0,
    "jest/lowercase-name": 0,
    "jest/no-alias-methods": 0,
    "jest/no-commented-out-tests": 0,
    "jest/no-conditional-expect": 0,
    "jest/no-deprecated-functions": 2,
    "jest/no-disabled-tests": 2,
    "jest/no-done-callback": 0,
    "jest/no-duplicate-hooks": 2,
    "jest/no-expect-resolves": 0,
    "jest/no-export": 2,
    "jest/no-focused-tests": 2,
    "jest/no-hooks": 0,
    "jest/no-identical-title": 2,
    "jest/no-if": 0,
    "jest/no-interpolation-in-snapshots": 2,
    "jest/no-jasmine-globals": 2,
    "jest/no-jest-import": 2,
    "jest/no-large-snapshots": 0,
    "jest/no-mocks-import": 2,
    "jest/no-restricted-matchers": 0,
    "jest/no-standalone-expect": 2,
    "jest/no-test-callback": 0,
    "jest/no-test-prefixes": 0,
    "jest/no-test-return-statement": 2,
    "jest/no-truthy-falsy": 0,
    "jest/prefer-called-with": 2,
    "jest/prefer-expect-assertions": 0,
    "jest/prefer-hooks-on-top": 2,
    "jest/prefer-inline-snapshots": 0,
    "jest/prefer-spy-on": 0,
    "jest/prefer-strict-equal": 0,
    "jest/prefer-to-be-null": 2,
    "jest/prefer-to-be-undefined": 2,
    "jest/prefer-to-contain": 2,
    "jest/prefer-to-have-length": 2,
    "jest/prefer-todo": 2,
    "jest/require-to-throw-message": 0,
    "jest/require-top-level-describe": 0,
    "jest/unbound-method": 0,
    "jest/valid-describe": 2,
    "jest/valid-expect": 2,
    "jest/valid-expect-in-promise": 2,
    "jest/valid-title": 2,
    "jsx-a11y/accessible-emoji": 2,
    "jsx-a11y/alt-text": 2,
    "jsx-a11y/anchor-has-content": 1,
    "jsx-a11y/anchor-is-valid": 2,
    "jsx-a11y/aria-activedescendant-has-tabindex": 0,
    "jsx-a11y/aria-props": 2,
    "jsx-a11y/aria-proptypes": 2,
    "jsx-a11y/aria-role": 2,
    "jsx-a11y/aria-unsupported-elements": 2,
    "jsx-a11y/autocomplete-valid": 2,
    "jsx-a11y/click-events-have-key-events": 0,
    "jsx-a11y/control-has-associated-label": 0,
    "jsx-a11y/heading-has-content": 1,
    "jsx-a11y/html-has-lang": 2,
    "jsx-a11y/iframe-has-title": 2,
    "jsx-a11y/img-redundant-alt": 0,
    "jsx-a11y/interactive-supports-focus": 2,
    "jsx-a11y/label-has-associated-control": 0,
    "jsx-a11y/label-has-for": 0,
    "jsx-a11y/lang": 2,
    "jsx-a11y/media-has-caption": 0,
    "jsx-a11y/mouse-events-have-key-events": 0,
    "jsx-a11y/no-access-key": 2,
    "jsx-a11y/no-autofocus": Array [
      2,
      Object {
        "ignoreNonDOM": true,
      },
    ],
    "jsx-a11y/no-distracting-elements": Array [
      2,
      Object {
        "elements": Array [
          "marquee",
          "blink",
        ],
      },
    ],
    "jsx-a11y/no-interactive-element-to-noninteractive-role": 0,
    "jsx-a11y/no-noninteractive-element-interactions": 0,
    "jsx-a11y/no-noninteractive-element-to-interactive-role": 0,
    "jsx-a11y/no-noninteractive-tabindex": 1,
    "jsx-a11y/no-onchange": 0,
    "jsx-a11y/no-redundant-roles": 2,
    "jsx-a11y/no-static-element-interactions": 0,
    "jsx-a11y/role-has-required-aria-props": 2,
    "jsx-a11y/role-supports-aria-props": 2,
    "jsx-a11y/scope": 2,
    "jsx-a11y/tabindex-no-positive": 2,
    "jsx-quotes": "off",
    "key-spacing": "off",
    "keyword-spacing": "off",
    "line-comment-position": 0,
    "linebreak-style": "off",
    "lines-around-comment": 0,
    "lines-between-class-members": Array [
      1,
      "always",
      Object {
        "exceptAfterSingleLine": true,
      },
    ],
    "max-classes-per-file": 0,
    "max-depth": 0,
    "max-len": 0,
    "max-lines": 0,
    "max-lines-per-function": 0,
    "max-nested-callbacks": 0,
    "max-params": 0,
    "max-statements": 0,
    "max-statements-per-line": 0,
    "monorepo/no-internal-import": 2,
    "monorepo/no-relative-import": 2,
    "multiline-comment-style": 0,
    "multiline-ternary": "off",
    "new-cap": Array [
      1,
      Object {
        "capIsNew": false,
        "newIsCap": true,
      },
    ],
    "new-parens": "off",
    "newline-per-chained-call": "off",
    "no-alert": 1,
    "no-array-constructor": 1,
    "no-arrow-condition": "off",
    "no-async-promise-executor": 2,
    "no-await-in-loop": 1,
    "no-bitwise": 2,
    "no-buffer-constructor": 1,
    "no-caller": 2,
    "no-case-declarations": 1,
    "no-class-assign": 1,
    "no-comma-dangle": "off",
    "no-compare-neg-zero": 2,
    "no-cond-assign": 2,
    "no-confusing-arrow": 0,
    "no-console": 2,
    "no-const-assign": 2,
    "no-constant-condition": Array [
      2,
      Object {
        "checkLoops": false,
      },
    ],
    "no-constructor-return": 2,
    "no-continue": 0,
    "no-control-regex": 2,
    "no-debugger": 2,
    "no-delete-var": 2,
    "no-div-regex": 1,
    "no-dupe-args": 2,
    "no-dupe-class-members": 2,
    "no-dupe-else-if": 2,
    "no-dupe-keys": 2,
    "no-duplicate-case": 2,
    "no-duplicate-imports": 0,
    "no-else-return": 2,
    "no-empty": Array [
      1,
      Object {
        "allowEmptyCatch": true,
      },
    ],
    "no-empty-character-class": 2,
    "no-empty-function": 0,
    "no-empty-pattern": 2,
    "no-eq-null": 0,
    "no-eval": 2,
    "no-ex-assign": 2,
    "no-extend-native": 1,
    "no-extra-bind": 1,
    "no-extra-boolean-cast": 2,
    "no-extra-label": 2,
    "no-extra-parens": "off",
    "no-extra-semi": "off",
    "no-fallthrough": 1,
    "no-floating-decimal": "off",
    "no-func-assign": 2,
    "no-global-assign": Array [
      2,
      Object {
        "exceptions": Array [
          "Map",
          "Set",
        ],
      },
    ],
    "no-implicit-coercion": 0,
    "no-implicit-globals": 0,
    "no-implied-eval": 2,
    "no-import-assign": 2,
    "no-inline-comments": 0,
    "no-inner-declarations": 0,
    "no-invalid-regexp": 2,
    "no-invalid-this": 0,
    "no-irregular-whitespace": 2,
    "no-iterator": 2,
    "no-label-var": 2,
    "no-labels": Array [
      2,
      Object {
        "allowLoop": true,
        "allowSwitch": true,
      },
    ],
    "no-lone-blocks": 2,
    "no-lonely-if": 2,
    "no-loop-func": 2,
    "no-loss-of-precision": 2,
    "no-magic-numbers": 0,
    "no-misleading-character-class": 2,
    "no-mixed-operators": 0,
    "no-mixed-requires": 0,
    "no-mixed-spaces-and-tabs": "off",
    "no-multi-assign": 0,
    "no-multi-spaces": "off",
    "no-multi-str": 2,
    "no-multiple-empty-lines": "off",
    "no-negated-condition": 0,
    "no-nested-ternary": 2,
    "no-new": 1,
    "no-new-func": 2,
    "no-new-object": 1,
    "no-new-require": 1,
    "no-new-symbol": 1,
    "no-new-wrappers": 1,
    "no-nonoctal-decimal-escape": 1,
    "no-obj-calls": 2,
    "no-octal": 2,
    "no-octal-escape": 2,
    "no-param-reassign": 2,
    "no-path-concat": 1,
    "no-plusplus": 0,
    "no-process-env": 0,
    "no-process-exit": 0,
    "no-promise-executor-return": 2,
    "no-proto": 2,
    "no-prototype-builtins": 2,
    "no-redeclare": Array [
      1,
      Object {
        "builtinGlobals": true,
      },
    ],
    "no-regex-spaces": 2,
    "no-reserved-keys": "off",
    "no-restricted-exports": 0,
    "no-restricted-globals": 0,
    "no-restricted-imports": 0,
    "no-restricted-modules": 0,
    "no-restricted-properties": 0,
    "no-restricted-syntax": 0,
    "no-return-assign": 1,
    "no-return-await": 1,
    "no-script-url": 2,
    "no-self-assign": 1,
    "no-self-compare": 1,
    "no-sequences": 1,
    "no-setter-return": 2,
    "no-shadow": 0,
    "no-shadow-restricted-names": 2,
    "no-space-before-semi": "off",
    "no-spaced-func": "off",
    "no-sparse-arrays": 2,
    "no-sync": 0,
    "no-tabs": 0,
    "no-template-curly-in-string": 2,
    "no-ternary": 0,
    "no-this-before-super": 2,
    "no-throw-literal": 1,
    "no-trailing-spaces": "off",
    "no-undef": 2,
    "no-undef-init": 2,
    "no-undefined": 0,
    "no-underscore-dangle": 0,
    "no-unexpected-multiline": 0,
    "no-unmodified-loop-condition": 0,
    "no-unneeded-ternary": 1,
    "no-unreachable": 2,
    "no-unreachable-loop": 2,
    "no-unsafe-finally": 2,
    "no-unsafe-negation": 2,
    "no-unsafe-optional-chaining": 1,
    "no-unused-expressions": 0,
    "no-unused-labels": 1,
    "no-unused-vars": Array [
      2,
      Object {
        "args": "after-used",
        "argsIgnorePattern": "^_$",
        "ignoreRestSiblings": true,
      },
    ],
    "no-use-before-define": 0,
    "no-useless-backreference": 2,
    "no-useless-call": 1,
    "no-useless-catch": 2,
    "no-useless-computed-key": 0,
    "no-useless-concat": 2,
    "no-useless-constructor": 2,
    "no-useless-escape": 2,
    "no-useless-rename": 1,
    "no-useless-return": 1,
    "no-var": 2,
    "no-void": 1,
    "no-warning-comments": 0,
    "no-whitespace-before-property": "off",
    "no-with": 2,
    "no-wrap-func": "off",
    "node/callback-return": 0,
    "node/exports-style": 0,
    "node/file-extension-in-import": Array [
      2,
      "always",
      Object {
        ".js": "never",
      },
    ],
    "node/global-require": 0,
    "node/handle-callback-err": 1,
    "node/no-callback-literal": 2,
    "node/no-deprecated-api": 2,
    "node/no-exports-assign": 2,
    "node/no-extraneous-import": 0,
    "node/no-extraneous-require": 0,
    "node/no-missing-import": 0,
    "node/no-missing-require": 2,
    "node/no-mixed-requires": 0,
    "node/no-new-require": 1,
    "node/no-path-concat": 1,
    "node/no-process-env": 0,
    "node/no-process-exit": 0,
    "node/no-restricted-import": 0,
    "node/no-restricted-require": 0,
    "node/no-sync": 0,
    "node/no-unpublished-bin": 2,
    "node/no-unpublished-import": 0,
    "node/no-unpublished-require": 0,
    "node/no-unsupported-features/es-builtins": 0,
    "node/no-unsupported-features/es-syntax": 0,
    "node/no-unsupported-features/node-builtins": 0,
    "node/prefer-global/buffer": 2,
    "node/prefer-global/console": 2,
    "node/prefer-global/process": 2,
    "node/prefer-global/text-decoder": 0,
    "node/prefer-global/text-encoder": 0,
    "node/prefer-global/url": 2,
    "node/prefer-global/url-search-params": 0,
    "node/prefer-promises/dns": 0,
    "node/prefer-promises/fs": 0,
    "node/process-exit-as-throw": 2,
    "node/shebang": 2,
    "nonblock-statement-body-position": "off",
    "object-curly-newline": "off",
    "object-curly-spacing": "off",
    "object-property-newline": "off",
    "object-shorthand": 0,
    "one-var": Array [
      1,
      Object {
        "initialized": "never",
      },
    ],
    "one-var-declaration-per-line": "off",
    "operator-assignment": 1,
    "operator-linebreak": "off",
    "padded-blocks": "off",
    "padding-line-between-statements": 0,
    "prefer-arrow-callback": 0,
    "prefer-const": Array [
      2,
      Object {
        "destructuring": "all",
      },
    ],
    "prefer-destructuring": 0,
    "prefer-exponentiation-operator": 2,
    "prefer-named-capture-group": 2,
    "prefer-numeric-literals": 0,
    "prefer-object-spread": 1,
    "prefer-promise-reject-errors": 1,
    "prefer-regex-literals": 2,
    "prefer-rest-params": 1,
    "prefer-spread": 1,
    "prefer-template": 2,
    "prettier/prettier": Array [
      2,
      Object {
        "bracketSpacing": true,
        "printWidth": 100,
        "quoteProps": "consistent",
        "singleQuote": true,
        "tabWidth": 2,
        "trailingComma": "all",
      },
    ],
    "promise/always-return": 0,
    "promise/avoid-new": 0,
    "promise/catch-or-return": 0,
    "promise/no-callback-in-promise": 0,
    "promise/no-native": 0,
    "promise/no-nesting": 1,
    "promise/no-new-statics": 1,
    "promise/no-promise-in-callback": 0,
    "promise/no-return-in-finally": 0,
    "promise/no-return-wrap": 1,
    "promise/param-names": 1,
    "promise/prefer-await-to-callbacks": 0,
    "promise/prefer-await-to-then": 0,
    "promise/valid-params": 1,
    "quote-props": "off",
    "quotes": 0,
    "radix": 2,
    "react-hooks/exhaustive-deps": Array [
      2,
      Object {
        "additionalHooks": "useRecoilCallback",
      },
    ],
    "react-hooks/rules-of-hooks": 2,
    "react-native/no-color-literals": 0,
    "react-native/no-inline-styles": 0,
    "react-native/no-raw-text": 0,
    "react-native/no-single-element-style-arrays": 1,
    "react-native/no-unused-styles": 1,
    "react-native/sort-styles": 0,
    "react-native/split-platform-components": 0,
    "react/boolean-prop-naming": 0,
    "react/button-has-type": Array [
      2,
      Object {
        "button": true,
        "reset": false,
        "submit": true,
      },
    ],
    "react/default-props-match-prop-types": 0,
    "react/destructuring-assignment": 0,
    "react/display-name": 0,
    "react/forbid-component-props": 0,
    "react/forbid-dom-props": 0,
    "react/forbid-elements": 0,
    "react/forbid-foreign-prop-types": 0,
    "react/forbid-prop-types": 0,
    "react/function-component-definition": 0,
    "react/jsx-boolean-value": 0,
    "react/jsx-child-element-spacing": "off",
    "react/jsx-closing-bracket-location": "off",
    "react/jsx-closing-tag-location": "off",
    "react/jsx-curly-brace-presence": 0,
    "react/jsx-curly-newline": "off",
    "react/jsx-curly-spacing": "off",
    "react/jsx-equals-spacing": "off",
    "react/jsx-filename-extension": 0,
    "react/jsx-first-prop-new-line": "off",
    "react/jsx-fragments": 0,
    "react/jsx-handler-names": 0,
    "react/jsx-indent": "off",
    "react/jsx-indent-props": "off",
    "react/jsx-key": 2,
    "react/jsx-max-depth": 0,
    "react/jsx-max-props-per-line": "off",
    "react/jsx-newline": "off",
    "react/jsx-no-bind": Array [
      2,
      Object {
        "allowArrowFunctions": true,
        "allowBind": false,
        "allowFunctions": false,
        "ignoreDOMComponents": true,
        "ignoreRefs": true,
      },
    ],
    "react/jsx-no-comment-textnodes": 2,
    "react/jsx-no-constructed-context-values": 1,
    "react/jsx-no-duplicate-props": 2,
    "react/jsx-no-literals": 0,
    "react/jsx-no-script-url": 2,
    "react/jsx-no-target-blank": 1,
    "react/jsx-no-undef": 2,
    "react/jsx-no-useless-fragment": 2,
    "react/jsx-one-expression-per-line": "off",
    "react/jsx-pascal-case": 2,
    "react/jsx-props-no-multi-spaces": "off",
    "react/jsx-props-no-spreading": 0,
    "react/jsx-sort-default-props": 0,
    "react/jsx-sort-props": 0,
    "react/jsx-space-before-closing": "off",
    "react/jsx-tag-spacing": "off",
    "react/jsx-uses-react": 1,
    "react/jsx-uses-vars": 2,
    "react/jsx-wrap-multilines": "off",
    "react/no-access-state-in-setstate": 2,
    "react/no-adjacent-inline-elements": 0,
    "react/no-array-index-key": 0,
    "react/no-children-prop": 0,
    "react/no-danger": 0,
    "react/no-danger-with-children": 2,
    "react/no-deprecated": 2,
    "react/no-did-mount-set-state": 0,
    "react/no-did-update-set-state": 2,
    "react/no-direct-mutation-state": 2,
    "react/no-find-dom-node": 2,
    "react/no-is-mounted": 2,
    "react/no-multi-comp": Array [
      2,
      Object {
        "ignoreStateless": true,
      },
    ],
    "react/no-redundant-should-component-update": 2,
    "react/no-render-return-value": 2,
    "react/no-set-state": 0,
    "react/no-string-refs": 0,
    "react/no-this-in-sfc": 2,
    "react/no-typos": 0,
    "react/no-unescaped-entities": 2,
    "react/no-unknown-property": 2,
    "react/no-unsafe": 0,
    "react/no-unstable-nested-components": Array [
      1,
      Object {
        "allowAsProps": true,
      },
    ],
    "react/no-unused-prop-types": 0,
    "react/no-unused-state": 0,
    "react/no-will-update-set-state": 0,
    "react/prefer-es6-class": Array [
      2,
      "always",
    ],
    "react/prefer-read-only-props": 0,
    "react/prefer-stateless-function": 0,
    "react/prop-types": 0,
    "react/react-in-jsx-scope": 0,
    "react/require-default-props": 0,
    "react/require-optimization": 0,
    "react/require-render-return": 2,
    "react/self-closing-comp": 2,
    "react/sort-comp": Array [
      2,
      Object {
        "groups": Object {
          "lifecycle": Array [
            "displayName",
            "propTypes",
            "contextTypes",
            "childContextTypes",
            "mixins",
            "statics",
            "defaultProps",
            "constructor",
            "getDefaultProps",
            "state",
            "getInitialState",
            "getChildContext",
            "getDerivedStateFromProps",
            "getDerivedStateFromError",
            "componentWillMount",
            "UNSAFE_componentWillMount",
            "componentDidMount",
            "componentWillReceiveProps",
            "UNSAFE_componentWillReceiveProps",
            "shouldComponentUpdate",
            "componentWillUpdate",
            "UNSAFE_componentWillUpdate",
            "getSnapshotBeforeUpdate",
            "componentDidUpdate",
            "componentDidCatch",
            "componentWillUnmount",
          ],
          "rendering": Array [
            "/^render.+$/",
            "render",
          ],
        },
        "order": Array [
          "type-annotations",
          "static-variables",
          "static-methods",
          "instance-variables",
          "lifecycle",
          "everything-else",
          "rendering",
        ],
      },
    ],
    "react/sort-prop-types": 0,
    "react/state-in-constructor": 0,
    "react/static-property-placement": 0,
    "react/style-prop-object": 2,
    "react/void-dom-elements-no-children": 2,
    "relay/compat-uses-vars": 0,
    "relay/function-required-argument": 1,
    "relay/generated-flow-types": 2,
    "relay/graphql-naming": 0,
    "relay/graphql-syntax": 2,
    "relay/hook-required-argument": 2,
    "relay/must-colocate-fragment-spreads": 2,
    "relay/no-future-added-value": 2,
    "relay/unused-fields": 2,
    "require-atomic-updates": 2,
    "require-await": 2,
    "require-jsdoc": 0,
    "require-unicode-regexp": 0,
    "require-yield": 2,
    "rest-spread-spacing": "off",
    "semi": "off",
    "semi-spacing": "off",
    "semi-style": "off",
    "sort-imports": 0,
    "sort-keys": 0,
    "sort-vars": 0,
    "space-after-function-name": "off",
    "space-after-keywords": "off",
    "space-before-blocks": "off",
    "space-before-function-paren": "off",
    "space-before-function-parentheses": "off",
    "space-before-keywords": "off",
    "space-in-brackets": "off",
    "space-in-parens": "off",
    "space-infix-ops": "off",
    "space-return-throw-case": "off",
    "space-unary-ops": "off",
    "space-unary-word-ops": "off",
    "spaced-comment": Array [
      2,
      "always",
      Object {
        "block": Object {
          "balanced": true,
          "markers": Array [
            ":",
            "::",
          ],
        },
      },
    ],
    "standard/array-bracket-even-spacing": "off",
    "standard/computed-property-even-spacing": "off",
    "standard/object-curly-even-spacing": "off",
    "strict": 1,
    "switch-colon-spacing": "off",
    "sx/no-concatenated-classes": 1,
    "sx/no-unused-stylesheet": 1,
    "sx/valid-usage": 1,
    "symbol-description": 2,
    "template-curly-spacing": "off",
    "template-tag-spacing": "off",
    "unicode-bom": "off",
    "unicorn/empty-brace-spaces": "off",
    "unicorn/no-nested-ternary": "off",
    "unicorn/number-literal-case": "off",
    "use-isnan": Array [
      2,
      Object {
        "enforceForSwitchCase": true,
      },
    ],
    "valid-jsdoc": 0,
    "valid-typeof": 2,
    "vars-on-top": 2,
    "vue/array-bracket-newline": "off",
    "vue/array-bracket-spacing": "off",
    "vue/arrow-spacing": "off",
    "vue/block-spacing": "off",
    "vue/block-tag-newline": "off",
    "vue/brace-style": "off",
    "vue/comma-dangle": "off",
    "vue/comma-spacing": "off",
    "vue/comma-style": "off",
    "vue/dot-location": "off",
    "vue/func-call-spacing": "off",
    "vue/html-closing-bracket-newline": "off",
    "vue/html-closing-bracket-spacing": "off",
    "vue/html-end-tags": "off",
    "vue/html-indent": "off",
    "vue/html-quotes": "off",
    "vue/html-self-closing": 0,
    "vue/key-spacing": "off",
    "vue/keyword-spacing": "off",
    "vue/max-attributes-per-line": "off",
    "vue/max-len": 0,
    "vue/multiline-html-element-content-newline": "off",
    "vue/mustache-interpolation-spacing": "off",
    "vue/no-extra-parens": "off",
    "vue/no-multi-spaces": "off",
    "vue/no-spaces-around-equal-signs-in-attribute": "off",
    "vue/object-curly-newline": "off",
    "vue/object-curly-spacing": "off",
    "vue/object-property-newline": "off",
    "vue/operator-linebreak": "off",
    "vue/script-indent": "off",
    "vue/singleline-html-element-content-newline": "off",
    "vue/space-in-parens": "off",
    "vue/space-infix-ops": "off",
    "vue/space-unary-ops": "off",
    "vue/template-curly-spacing": "off",
    "wrap-iife": "off",
    "wrap-regex": "off",
    "yield-star-spacing": "off",
    "yoda": 2,
  },
  "settings": Object {
    "import/resolver": Object {
      "node": Object {
        "extensions": Array [
          ".js",
          ".jsx",
          ".android.js",
          ".ios.js",
          ".native.js",
          ".web.js",
        ],
      },
    },
    "react": Object {
      "version": Any<String>,
    },
  },
}
`;

exports[`rules snapshot: diff of stable and strict rules 1`] = `
Snapshot Diff:
- Value for stable rules
+ Value for STRICT rules

@@ --- --- @@
      "flowtype/require-exact-type": Array [
-       1,
+       2,
        "never",
@@ --- --- @@
      "flowtype/use-flow-type": 1,
-     "flowtype/use-read-only-spread": 1,
+     "flowtype/use-read-only-spread": 2,
      "flowtype/valid-syntax": 0,
@@ --- --- @@
      "jsx-a11y/alt-text": 2,
-     "jsx-a11y/anchor-has-content": 1,
+     "jsx-a11y/anchor-has-content": 2,
      "jsx-a11y/anchor-is-valid": 2,
@@ --- --- @@
      "jsx-a11y/control-has-associated-label": 0,
-     "jsx-a11y/heading-has-content": 1,
+     "jsx-a11y/heading-has-content": 2,
      "jsx-a11y/html-has-lang": 2,
@@ --- --- @@
      "jsx-a11y/no-noninteractive-element-to-interactive-role": 0,
-     "jsx-a11y/no-noninteractive-tabindex": 1,
+     "jsx-a11y/no-noninteractive-tabindex": 2,
      "jsx-a11y/no-onchange": 0,
@@ --- --- @@
      "no-new-wrappers": 1,
-     "no-nonoctal-decimal-escape": 1,
+     "no-nonoctal-decimal-escape": 2,
      "no-obj-calls": 2,
@@ --- --- @@
      "no-unsafe-negation": 2,
-     "no-unsafe-optional-chaining": 1,
+     "no-unsafe-optional-chaining": 2,
      "no-unused-expressions": 0,
@@ --- --- @@
      "prefer-numeric-literals": 0,
-     "prefer-object-spread": 1,
+     "prefer-object-spread": 2,
      "prefer-promise-reject-errors": 1,
@@ --- --- @@
      "promise/no-nesting": 1,
-     "promise/no-new-statics": 1,
+     "promise/no-new-statics": 2,
      "promise/no-promise-in-callback": 0,
      "promise/no-return-in-finally": 0,
-     "promise/no-return-wrap": 1,
-     "promise/param-names": 1,
+     "promise/no-return-wrap": 2,
+     "promise/param-names": 2,
      "promise/prefer-await-to-callbacks": 0,
      "promise/prefer-await-to-then": 0,
-     "promise/valid-params": 1,
+     "promise/valid-params": 2,
      "quote-props": "off",
@@ --- --- @@
      "react-native/no-raw-text": 0,
-     "react-native/no-single-element-style-arrays": 1,
-     "react-native/no-unused-styles": 1,
+     "react-native/no-single-element-style-arrays": 2,
+     "react-native/no-unused-styles": 2,
      "react-native/sort-styles": 0,
@@ --- --- @@
      "react/jsx-no-comment-textnodes": 2,
-     "react/jsx-no-constructed-context-values": 1,
+     "react/jsx-no-constructed-context-values": 2,
      "react/jsx-no-duplicate-props": 2,
@@ --- --- @@
      "react/jsx-no-script-url": 2,
-     "react/jsx-no-target-blank": 1,
+     "react/jsx-no-target-blank": 2,
      "react/jsx-no-undef": 2,
@@ --- --- @@
      "react/no-unstable-nested-components": Array [
-       1,
+       2,
        Object {
@@ --- --- @@
      "relay/compat-uses-vars": 0,
-     "relay/function-required-argument": 1,
+     "relay/function-required-argument": 2,
      "relay/generated-flow-types": 2,
@@ --- --- @@
      "switch-colon-spacing": "off",
-     "sx/no-concatenated-classes": 1,
-     "sx/no-unused-stylesheet": 1,
-     "sx/valid-usage": 1,
+     "sx/no-concatenated-classes": 2,
+     "sx/no-unused-stylesheet": 2,
+     "sx/valid-usage": 2,
      "symbol-description": 2,
`;
