// Jest Snapshot v1, https://goo.gl/fbAQLP

exports[`works as expected 1`] = `
"// @flow strict

/* eslint-disable import/newline-after-import */
import React, { type Node } from 'react';
export default function BackwardIcon(props: {}): Node {
  return (
    <svg height=\\"1em\\" viewBox=\\"0 0 21 21\\" width=\\"1em\\" xmlns=\\"http://www.w3.org/2000/svg\\" {...props}>
      <path
        d=\\"M8.5 7.5c5.185-.47 8.52 1.53 10 6-2.825-3.14-6.341-3.718-10-2v3l-5-5 5-5z\\"
        fill=\\"none\\"
        stroke=\\"currentColor\\"
        strokeLinecap=\\"round\\"
        strokeLinejoin=\\"round\\"
      />
    </svg>
  );
}
"
`;
