---
source: src/clap.rs
expression: "String::from_utf8(output).unwrap()"
---
server 0.0.0
Martin Zl√°mal <mrtnzlml@gmail.com>


USAGE:
    server [FLAGS] [OPTIONS]

FLAGS:
    -h, --help
            Prints help information

        --no-migrations
            Skips database migrations

    -V, --version
            Prints version information


OPTIONS:
        --arangodb-database <arangodb-database>
            [default: abacus]

        --arangodb-password <arangodb-password>
            [default: ]

        --arangodb-url <arangodb-url>
            [default: http://127.0.0.1:8529/]

        --arangodb-username <arangodb-username>
            [default: abacus]


